
> postureguard-backend@0.1.0 test
> node --env-file-if-exists=../.env --test

✔ POST /api/events accepts a valid slouch_violation and returns 201 (206.4569ms)
✔ POST /api/events accepts a valid correction_requested with data and returns 201 (16.1911ms)
✔ POST /api/events rejects a malformed payload with 400 (14.4171ms)
✔ POST /api/events rejects an unsupported event type with 400 (13.1027ms)
✔ POST /api/events rejects unknown top-level keys with 400 (21.0566ms)
✔ POST /api/events rejects malformed JSON with 400 (38.3208ms)
✔ POST /api/events maps SessionNotFoundError to 404 (46.064ms)
✔ POST /api/events maps SessionNotActiveError to 409 (29.7814ms)
✔ POST /api/events maps MongoDBUnavailableError to 503 (36.7204ms)
✔ POST /api/events maps a live Mongo driver outage to 503 (32.7246ms)
✔ GET /api/events returns the events for a session (14.5678ms)
✔ GET /api/events returns an empty list when the session has no events (10.1833ms)
✔ GET /api/events rejects a missing sessionId with 400 (9.1295ms)
✔ GET /api/events rejects a malformed sessionId with 400 (14.736ms)
✔ GET /api/events rejects an invalid limit with 400 (28.1188ms)
✔ GET /api/events maps SessionNotFoundError to 404 (11.4857ms)
✔ GET /api/events maps MongoDBUnavailableError to 503 (15.2981ms)
✔ slouch_violation triggers exactly one BLOCK and the session ends blocked (16.8523ms)
✔ correction_requested triggers exactly one RETRIEVE and returns to monitoring (3.5613ms)
[events] slouch_violation for session d73b3e3e-6dd2-4f61-9d3e-2b7f4f4c2b3a did not trigger hardware: device reported a fault for BLOCK: ERROR_STALL
✔ failed BLOCK still records the event and falls back to monitoring (3.4164ms)
[events] slouch_violation for session d73b3e3e-6dd2-4f61-9d3e-2b7f4f4c2b3a did not trigger hardware: device did not respond to BLOCK within 20ms
[events] slouch_violation for session d73b3e3e-6dd2-4f61-9d3e-2b7f4f4c2b3a did not trigger hardware: cannot transition session "d73b3e3e-6dd2-4f61-9d3e-2b7f4f4c2b3a" from "blocked" to "blocking"
[events] correction_requested for session d73b3e3e-6dd2-4f61-9d3e-2b7f4f4c2b3a did not trigger hardware: cannot transition session "d73b3e3e-6dd2-4f61-9d3e-2b7f4f4c2b3a" from "monitoring" to "unblocking"
✔ BLOCK timeout still records the event and falls back to monitoring (40.6769ms)
✔ duplicate slouch_violation while blocked persists but sends no second BLOCK (2.1639ms)
✔ correction_requested while already monitoring persists but sends no RETRIEVE (0.8864ms)
[events] correction_requested for session d73b3e3e-6dd2-4f61-9d3e-2b7f4f4c2b3a did not trigger hardware: device reported a fault for RETRIEVE: ERROR_SERVO_FAULT
✔ failed RETRIEVE stays blocked and still records the event (3.5855ms)
✔ event for an unknown session is a 404-style failure and touches nothing hardware-side (1.4801ms)
✔ end-session while blocked forces a final RETRIEVE (ADR-5) (2.3059ms)
✔ event service without hardware callbacks records events without hardware actions (3.7391ms)
[events] baseline_captured for session d73b3e3e-6dd2-4f61-9d3e-2b7f4f4c2b3a did not trigger hardware: cannot transition session "d73b3e3e-6dd2-4f61-9d3e-2b7f4f4c2b3a" from "monitoring" to "monitoring"
✔ baseline_captured moves a real session to monitoring; violations then drive the arm (5.5235ms)
✔ a stray baseline_captured while already monitoring persists but changes nothing (1.145ms)
✔ without baseline_captured the session stays baseline_capturing (failed baseline) (0.4404ms)
[events] baseline_captured for session d73b3e3e-6dd2-4f61-9d3e-2b7f4f4c2b3a did not trigger hardware: session already monitoring
✔ recordEvent persists an event for an active session (3.0621ms)
✔ recordEvent keeps optional data and omits it when absent (1.753ms)
✔ recordEvent rejects an unknown session (1.1393ms)
✔ recordEvent rejects an ended session (0.8158ms)
✔ recordEvent propagates a persistence failure (0.8987ms)
✔ recordEvent dispatches baseline_captured to markBaselineCaptured (1.1082ms)
✔ recordEvent swallows an INVALID_TRANSITION from baseline capture dispatch (9.6778ms)
✔ recordEvent with no baseline callback records baseline_captured without an action (8.4034ms)
✔ listEvents returns the persisted events for a session, oldest first (1.2214ms)
✔ listEvents returns an empty history for a known session with no events (1.0755ms)
✔ listEvents rejects an unknown session (0.6436ms)
✔ listEvents does not leak events across sessions (0.8965ms)
✔ listEvents respects the limit (0.996ms)
✔ listEvents propagates a persistence failure (0.6238ms)
✔ accepts a valid slouch_violation event (4.2636ms)
✔ accepts a valid correction_requested event (0.6391ms)
✔ accepts a valid baseline_captured event (0.4416ms)
✔ accepts an optional data object (uppercase uuid is fine) (2.595ms)
✔ omits data from the value when not provided (0.8762ms)
✔ rejects a non-object body (0.5997ms)
✔ rejects unknown top-level keys (0.6235ms)
✔ rejects a missing or malformed sessionId (1.8752ms)
✔ rejects an unsupported event type (0.6288ms)
✔ rejects a non-string timestamp (3.5421ms)
✔ rejects an unparseable timestamp (0.5039ms)
✔ rejects a timestamp more than 60 seconds in the future (0.4531ms)
✔ accepts a timestamp within the 60 second future skew (0.9403ms)
✔ rejects a timestamp in the future by exactly the 60 second boundary (0.3758ms)
✔ rejects a non-object data value (0.6633ms)
✔ exposes the supported event types (0.5451ms)
✔ POST /api/events persists a valid slouch_violation in MongoDB (165.788ms)
✔ POST /api/events persists a valid correction_requested in MongoDB (28.1962ms)
✔ POST /api/events baseline_captured transitions a baseline_capturing session to monitoring (31.2853ms)
✔ POST /api/events returns 404 for an unknown session and persists nothing (26.3735ms)
✔ POST /api/events returns 409 for an ended session (20.2463ms)
✔ POST /api/events rejects an unsupported event type (24.2754ms)
✔ POST /api/events never creates a session implicitly (17.1865ms)
✔ GET /api/events returns the persisted events for an active session (63.1849ms)
✔ GET /api/events is scoped to the requested session (48.8149ms)
✔ GET /api/events returns an empty history for a session with no events (17.0492ms)
✔ GET /api/events returns 404 for an unknown session (12.0638ms)
✔ GET /api/events returns events for an ended session (history stays viewable) (32.2826ms)
✔ full M4.2 loop: violation blocks, correction unblocks, end returns to dock (184.2688ms)
✔ real session flow: create → baseline_captured → monitoring → violation → correction → end (120.4068ms)
[events] slouch_violation for session 8bc05e66-14f6-4c42-9048-460051ccc682 did not trigger hardware: cannot transition session "8bc05e66-14f6-4c42-9048-460051ccc682" from "baseline_capturing" to "blocking"
✔ a failed baseline: session never reaches monitoring and nothing blocks (38.1228ms)
[events] slouch_violation for session 17b2de6e-3f1d-4ed7-9a8c-1b2c3d4e5f60 did not trigger hardware: cannot transition session "17b2de6e-3f1d-4ed7-9a8c-1b2c3d4e5f60" from "blocked" to "blocking"
✔ second violation while blocked does not re-BLOCK the arm (36.9017ms)
✔ ending while blocked issues a final RETRIEVE so the arm is docked (ADR-5) (16.4224ms)
[events] slouch_violation for session 17b2de6e-3f1d-4ed7-9a8c-1b2c3d4e5f60 did not trigger hardware: device did not respond to BLOCK within 200ms
✔ hardware failure while blocking: event recorded, session falls back to monitoring (235.6885ms)
✔ the recorded M4.2 event stream is queryable (33.8293ms)
✔ protocol: BLOCK is acknowledged only by BLOCK_OK (5.1142ms)
✔ protocol: RETRIEVE is acknowledged only by RETRIEVE_OK (0.5484ms)
✔ protocol: STATUS accepts only STATE_* responses and normalizes them (2.3878ms)
✔ BLOCK sends exactly BLOCK and resolves on BLOCK_OK (82.7511ms)
✔ successful BLOCK requires BLOCK_OK — any other ack fails (3.0747ms)
✔ RETRIEVE requires RETRIEVE_OK (1.8347ms)
✔ STATUS is handled correctly for every arm state (2.5753ms)
✔ STATUS rejects a non-state response (1.58ms)
✔ timeout: no response within the bound surfaces a clear timeout (44.7201ms)
✔ device ERROR response surfaces clearly and never resolves as success (12.6765ms)
✔ delayed response within the timeout still succeeds (28.424ms)
✔ commands are serialized: nothing is sent while the previous command is in flight (33.3193ms)
✔ recorded command sequence matches exact ordering over a full cycle (1.7416ms)
✔ a failed command does not poison the queue — the next command proceeds (2.043ms)
✔ unknown response lines are protocol violations, not successes (1.8819ms)
✔ service refuses to be created without a transport (0.7032ms)
✔ test\helpers\fake-serial-device.js (487.4248ms)
✔ test\helpers\in-memory-db.js (379.4907ms)
✔ M5.3 hardware swap: slouch_violation triggers BLOCK and correction_requested triggers RETRIEVE (195.3649ms)
[events] slouch_violation for session 33b2de6e-3f1d-4ed7-9a8c-1b2c3d4e5f99 did not trigger hardware: device reported a fault for BLOCK: ERROR_SERVO_FAULT
✔ M5.3 hardware swap: hardware error degrades gracefully without breaking event persistence (68.8727ms)
✔ connects to the running MongoDB and status() reports connected (81.2354ms)
✔ GET /api/status reports mongo connected through the real persistence module (40.6439ms)
✔ Mongo unavailable: status reports disconnected instead of crashing (20.0304ms)
✔ serial-transport: exposes the SerialTransport interface shape (3.9325ms)
✔ serial-transport: writeLine throws HardwareUnavailableError when not open (107.8481ms)
✔ serial-transport: open rejects with HardwareUnavailableError on non-existent port (33.5929ms)
✔ serial-transport: autoDetectPort returns null or string port path (30.6735ms)
✔ POST /api/sessions creates a session and returns 201 (88.305ms)
✔ POST /api/sessions maps ActiveSessionExistsError to 409 (33.8228ms)
✔ GET /api/sessions/active returns the active session (20.5796ms)
✔ GET /api/sessions/active returns an empty response when no session is active (13.636ms)
✔ POST /api/sessions/:id/end returns the ended session (13.5405ms)
✔ POST /api/sessions/:id/end maps SessionNotFoundError to 404 (13.0305ms)
✔ POST /api/sessions/:id/end maps InvalidSessionTransitionError to 409 (21.4042ms)
✔ POST /api/sessions/:id/end rejects a malformed session id with 400 (28.1501ms)
✔ session routes map MongoDBUnavailableError to 503 (12.6543ms)
✔ GET /api/sessions/active maps a live Mongo driver outage to 503 (18.759ms)
✔ defines the expected backend session states (3.5352ms)
✔ accepts valid transitions (0.7837ms)
✔ rejects invalid transitions (0.6708ms)
✔ ended is a terminal state (0.6374ms)
✔ unknown states are not valid (0.7273ms)
✔ BLOCK succeeds: monitoring → blocking → blocked (37.0402ms)
✔ RETRIEVE succeeds: blocked → unblocking → monitoring (1.9317ms)
✔ failed BLOCK (timeout) does not enter blocked (132.7155ms)
✔ failed BLOCK (device error) does not enter blocked and surfaces the error (5.0922ms)
✔ failed BLOCK (wrong ack) does not enter blocked (13.0382ms)
✔ failed RETRIEVE (timeout) does not falsely enter monitoring (112.0703ms)
✔ failed RETRIEVE (device error) stays blocked (1.5021ms)
✔ duplicate BLOCK while already blocked is rejected and sends nothing (0.7244ms)
✔ duplicate RETRIEVE while already monitoring is rejected and sends nothing (0.8086ms)
✔ concurrent BLOCK while a BLOCK is in flight is rejected without sending a second command (3.5416ms)
✔ blockSession and retrieveSession reject an unknown session (1.0576ms)
✔ end of a blocked session forces a final RETRIEVE so the card returns to dock (3.6053ms)
✔ end of session while a BLOCK is in flight still ends and does not resurrect blocked (2.3171ms)
[session] final RETRIEVE failed for session d73b3e3e-6dd2-4f61-9d3e-2b7f4f4c2b3a: device reported a fault for RETRIEVE: ERROR_STALL
✔ a failed final RETRIEVE never blocks session end (1.7212ms)
✔ createSession creates and persists a baseline_capturing session (6.9149ms)
✔ createSession rejects when a session is already active (1.6667ms)
✔ getActiveSession returns the active session or null (0.8587ms)
✔ endSession transitions through ending to ended and persists both (2.3276ms)
✔ endSession rejects an unknown session (0.7708ms)
✔ endSession rejects an already-ended session (0.8036ms)
✔ markBaselineCaptured transitions baseline_capturing to monitoring and persists it (1.0189ms)
✔ markBaselineCaptured works without hardware configured (0.7045ms)
✔ markBaselineCaptured rejects an unknown session (1.0705ms)
✔ markBaselineCaptured rejects a session that is not capturing (2.6564ms)
✔ GET /api/sessions/active returns an empty response when nothing is active (151.0382ms)
✔ POST /api/sessions creates and persists a session in MongoDB (28.7542ms)
✔ POST /api/sessions is rejected while a session is active (15.447ms)
✔ GET /api/sessions/active returns the active session (14.8008ms)
✔ POST /api/sessions/:id/end transitions through ending to ended and persists it (45.892ms)
✔ POST /api/sessions/:id/end is rejected after the session is already ended (29.4098ms)
✔ POST /api/sessions/:id/end returns 404 for an unknown session (14.3927ms)
✔ a new session can be created after the previous one ended (17.8202ms)
✔ GET /api/settings returns current settings with all fields (67.716ms)
✔ GET /api/settings returns defaults when getSettings falls back (34.9573ms)
✔ PUT /api/settings updates slouchThreshold and returns merged settings (88.7082ms)
✔ PUT /api/settings updates slouchDurationSeconds (31.6318ms)
✔ PUT /api/settings updates correctionDurationSeconds (20.8816ms)
✔ PUT /api/settings updates multiple fields at once (14.7334ms)
✔ PUT /api/settings with an empty body is a no-op and returns 200 (15.0158ms)
✔ PUT /api/settings rejects a single unknown field with 400 (20.2293ms)
✔ PUT /api/settings rejects multiple unknown fields with 400 (16.436ms)
✔ PUT /api/settings rejects a string slouchThreshold (12.7291ms)
✔ PUT /api/settings rejects NaN slouchThreshold (9.9671ms)
✔ PUT /api/settings rejects a non-finite slouchDurationSeconds (11.5663ms)
✔ PUT /api/settings rejects slouchThreshold < 0 (20.1266ms)
✔ PUT /api/settings rejects slouchThreshold > 1 (10.7597ms)
✔ PUT /api/settings accepts slouchThreshold = 0 (edge) (19.5419ms)
✔ PUT /api/settings accepts slouchThreshold = 1 (edge) (10.1777ms)
✔ PUT /api/settings rejects slouchDurationSeconds <= 0 (10.2345ms)
✔ PUT /api/settings rejects slouchDurationSeconds > 60 (10.4887ms)
✔ PUT /api/settings rejects correctionDurationSeconds <= 0 (10.2719ms)
✔ PUT /api/settings rejects correctionDurationSeconds > 60 (13.2391ms)
✔ PUT /api/settings returns 503 when Mongo is unavailable (11.1907ms)
✔ PUT /api/settings returns 400 for malformed JSON (11.1316ms)
✔ getSettings returns defaults when no document is stored (3.535ms)
✔ getSettings returns stored values merged with defaults (0.6465ms)
✔ getSettings falls back to defaults when Mongo is unavailable (no throw) (0.7749ms)
✔ updateSettings persists the patch and returns the full merged settings (0.7854ms)
✔ updateSettings persists all three fields when all are supplied (0.6134ms)
✔ updateSettings propagates MongoDBUnavailableError on persistence failure (1.854ms)
✔ empty patch to updateSettings is a no-op and returns defaults (0.7993ms)
✔ GET /api/settings returns defaults when no document exists (111.3106ms)
✔ PUT /api/settings persists settings in MongoDB and GET returns updated values (114.3763ms)
✔ PUT /api/settings persists the document in the settings collection (27.8324ms)
✔ repeated PUT /api/settings accumulates updates without losing earlier fields (50.3949ms)
✔ PUT /api/settings with invalid value leaves existing settings unchanged (43.5529ms)
✔ GET /api/statistics returns statistics for a session (74.4147ms)
✔ GET /api/statistics serializes endedAt for an ended session (17.9035ms)
✔ GET /api/statistics returns zero counts for a session with no events (18.0181ms)
✔ GET /api/statistics rejects a missing sessionId with 400 (13.1474ms)
✔ GET /api/statistics rejects a malformed sessionId with 400 (29.5722ms)
✔ GET /api/statistics maps SessionNotFoundError to 404 (12.719ms)
✔ GET /api/statistics maps MongoDBUnavailableError to 503 (16.3371ms)
✔ getStatistics reports counts and duration for an ended session (2.3553ms)
✔ getStatistics for an active session computes duration against now and endedAt is null (0.6688ms)
✔ getStatistics reports zero counts for a session with no events (0.5743ms)
✔ getStatistics only counts known violation and correction event types (0.7263ms)
✔ getStatistics rejects an unknown session (1.4306ms)
✔ getStatistics propagates a MongoDB failure from the event store (5.6731ms)
✔ GET /api/statistics aggregates counts and duration for an ended session (159.6532ms)
✔ GET /api/statistics returns zero counts for an active session with no events (21.4402ms)
✔ GET /api/statistics is scoped to the requested session only (27.6469ms)
✔ GET /api/statistics returns 404 for an unknown session (13.3952ms)
✔ GET /api/statistics matches the /api/events history for the same session (31.0525ms)
✔ GET /api/status returns backend status (26.2568ms)
✔ GET /api/status reports mongo connected (8.1548ms)
✔ GET /api/status reports mongo disconnected without failing the request (7.3137ms)
✔ GET /api/status stays 200 when the persistence check itself throws (7.852ms)
✔ unknown route returns a JSON 404 (7.4838ms)
ℹ tests 210
ℹ suites 0
ℹ pass 210
ℹ fail 0
ℹ cancelled 0
ℹ skipped 0
ℹ todo 0
ℹ duration_ms 4717.2307
